
--- DEBUG GET PATIENT ---
Query ID: 3a31724f-620e-467d-9d0e-2dae17f496c8
Patient Data Result: {"id":"3a31724f-620e-467d-9d0e-2dae17f496c8","roll_number":"2204002","registration_number":"726","department":"ETE","blood_group":"O+","date_of_birth":"2004-04-09","phone":"01783854832","age":null,"guardian_name":"MD. SALAH UDDIN","guardian_phone":"01716390038"}
Patient Error Result: null
-------------------------

--- DEBUG GET PATIENT ---
Query ID: 3a31724f-620e-467d-9d0e-2dae17f496c8
Patient Data Result: {"id":"3a31724f-620e-467d-9d0e-2dae17f496c8","roll_number":"2204002","registration_number":"726","department":"ETE","blood_group":"O+","date_of_birth":"2004-04-09","phone":"01783854832","age":null,"guardian_name":"MD. SALAH UDDIN","guardian_phone":"01716390038"}
Patient Error Result: null
-------------------------

--- DEBUG GET PATIENT ---
Query ID: 3a31724f-620e-467d-9d0e-2dae17f496c8
Patient Data Result: null
Patient Error Result: null
-------------------------

--- DEBUG GET PATIENT ---
Query ID: 3a31724f-620e-467d-9d0e-2dae17f496c8
Patient Data Result: null
Patient Error Result: null
-------------------------

--- DEBUG GET PATIENT ---
Query ID: 3a31724f-620e-467d-9d0e-2dae17f496c8
Patient Data Result: null
Patient Error Result: null
-------------------------

--- DEBUG GET PATIENT ---
Query ID: 3a31724f-620e-467d-9d0e-2dae17f496c8
Patient Data Result: null
Patient Error Result: null
-------------------------

--- DEBUG GET PATIENT ---
Query ID: 3a31724f-620e-467d-9d0e-2dae17f496c8
Patient Data Result: null
Patient Error Result: null
-------------------------

--- DEBUG GET PATIENT ---
Query ID: 3a31724f-620e-467d-9d0e-2dae17f496c8
Patient Data Result: null
Patient Error Result: null
-------------------------

--- DEBUG GET PATIENT ---
Query ID: 3a31724f-620e-467d-9d0e-2dae17f496c8
Patient Data Result: null
Patient Error Result: null
-------------------------

--- DEBUG GET PATIENT ---
Query ID: 3a31724f-620e-467d-9d0e-2dae17f496c8
Patient Data Result: null
Patient Error Result: null
-------------------------
